[backblue.gif]
[fade.gif]
[index.html]
[styleguide.dev/index.html]
[styleguide.dev/dist/css/hbg-prime.dev.css]
[styleguide.dev/index0e99.html]
[styleguide.dev/indexca00.html]
[styleguide.dev/indexaf91.html]
[styleguide.dev/index938c.html]
[styleguide.dev/dist/js/hbg-prime.min.js]
[styleguide.dev/accessibility.html]
[styleguide.dev/boxes.html]
[styleguide.dev/buttons.html]
[styleguide.dev/forms.html]
[styleguide.dev/gallery.html]
[styleguide.dev/hero.html]
[styleguide.dev/layout.html]
[styleguide.dev/navigation.html]
[styleguide.dev/search.html]
[styleguide.dev/special.html]
[styleguide.dev/stripe.html]
[styleguide.dev/tables.html]
[styleguide.dev/typography.html]
[styleguide.dev/utilities.html]
[styleguide.dev/accessibility0e99.html]
[styleguide.dev/accessibilityca00.html]
[styleguide.dev/accessibilityaf91.html]
[styleguide.dev/accessibility938c.html]
[styleguide.dev/boxes0e99.html]
[styleguide.dev/boxesca00.html]
[styleguide.dev/boxesaf91.html]
[styleguide.dev/boxes938c.html]
[styleguide.dev/buttons0e99.html]
[styleguide.dev/buttonsca00.html]
[styleguide.dev/buttonsaf91.html]
[styleguide.dev/buttons938c.html]
[styleguide.dev/forms0e99.html]
[styleguide.dev/formsca00.html]
[styleguide.dev/formsaf91.html]
[styleguide.dev/forms938c.html]
[styleguide.dev/gallery0e99.html]
[styleguide.dev/galleryca00.html]
[styleguide.dev/galleryaf91.html]
[styleguide.dev/gallery938c.html]
[styleguide.dev/hero0e99.html]
[styleguide.dev/heroca00.html]
[styleguide.dev/heroaf91.html]
[styleguide.dev/hero938c.html]
[styleguide.dev/layout0e99.html]
[styleguide.dev/layoutca00.html]
[styleguide.dev/layoutaf91.html]
[styleguide.dev/layout938c.html]
[styleguide.dev/navigation0e99.html]
[styleguide.dev/navigationca00.html]
[styleguide.dev/navigationaf91.html]
[styleguide.dev/navigation938c.html]
[styleguide.dev/search0e99.html]
[styleguide.dev/searchca00.html]
[styleguide.dev/searchaf91.html]
[styleguide.dev/search938c.html]
[styleguide.dev/special0e99.html]
[styleguide.dev/specialca00.html]
[styleguide.dev/specialaf91.html]
[styleguide.dev/special938c.html]
[styleguide.dev/stripe0e99.html]
[styleguide.dev/stripeca00.html]
[styleguide.dev/stripeaf91.html]
[styleguide.dev/stripe938c.html]
[styleguide.dev/tables0e99.html]
[styleguide.dev/tablesca00.html]
[styleguide.dev/tablesaf91.html]
[styleguide.dev/tables938c.html]
[styleguide.dev/typography0e99.html]
[styleguide.dev/typographyca00.html]
[styleguide.dev/typographyaf91.html]
[styleguide.dev/typography938c.html]
[styleguide.dev/utilities0e99.html]
[styleguide.dev/utilitiesca00.html]
[styleguide.dev/utilitiesaf91.html]
[styleguide.dev/utilities938c.html]
